// Jest Snapshot v1, https://goo.gl/fbAQLP

exports[`<Loading/> tests if it renders correctly 1`] = `
<div>
  loading...
</div>
`;
