// Jest Snapshot v1, https://goo.gl/fbAQLP

exports[`<SignUpField /> matches snapshot 1`] = `
<div
  className="formWidth"
>
  <label
    className="styledLabel"
  >
    testLabel
  </label>
  <input
    className="styledForm"
    name="testName"
    required={true}
  />
  <div />
</div>
`;
